PHP Warning:  PHP Startup: Unable to load dynamic library 'bz2' (tried: C:\xampp\php\ext\bz2 (The specified module could not be found.), C:\xampp\php\ext\php_bz2.dll (The specified module could not be found.)) in Unknown on line 0
PHP Warning:  PHP Startup: Unable to load dynamic library 'curl' (tried: C:\xampp\php\ext\curl (The specified module could not be found.), C:\xampp\php\ext\php_curl.dll (The specified module could not be found.)) in Unknown on line 0
PHP Warning:  PHP Startup: Unable to load dynamic library 'fileinfo' (tried: C:\xampp\php\ext\fileinfo (The specified module could not be found.), C:\xampp\php\ext\php_fileinfo.dll (The specified module could not be found.)) in Unknown on line 0
PHP Warning:  PHP Startup: Unable to load dynamic library 'gd2' (tried: C:\xampp\php\ext\gd2 (The specified module could not be found.), C:\xampp\php\ext\php_gd2.dll (The specified module could not be found.)) in Unknown on line 0
PHP Warning:  PHP Startup: Unable to load dynamic library 'gettext' (tried: C:\xampp\php\ext\gettext (The specified module could not be found.), C:\xampp\php\ext\php_gettext.dll (The specified module could not be found.)) in Unknown on line 0
PHP Warning:  PHP Startup: Unable to load dynamic library 'mbstring' (tried: C:\xampp\php\ext\mbstring (The specified module could not be found.), C:\xampp\php\ext\php_mbstring.dll (The specified module could not be found.)) in Unknown on line 0
PHP Warning:  PHP Startup: Unable to load dynamic library 'exif' (tried: C:\xampp\php\ext\exif (The specified module could not be found.), C:\xampp\php\ext\php_exif.dll (The specified module could not be found.)) in Unknown on line 0
PHP Warning:  PHP Startup: Unable to load dynamic library 'mysqli' (tried: C:\xampp\php\ext\mysqli (The specified module could not be found.), C:\xampp\php\ext\php_mysqli.dll (The specified module could not be found.)) in Unknown on line 0
PHP Warning:  PHP Startup: Unable to load dynamic library 'pdo_mysql' (tried: C:\xampp\php\ext\pdo_mysql (The specified module could not be found.), C:\xampp\php\ext\php_pdo_mysql.dll (The specified module could not be found.)) in Unknown on line 0
PHP Warning:  PHP Startup: Unable to load dynamic library 'pdo_sqlite' (tried: C:\xampp\php\ext\pdo_sqlite (The specified module could not be found.), C:\xampp\php\ext\php_pdo_sqlite.dll (The specified module could not be found.)) in Unknown on line 0
PHP Warning:  PHP Startup: Unable to load dynamic library 'php_openssl.dll' (tried: C:\xampp\php\ext\php_openssl.dll (The specified module could not be found.), C:\xampp\php\ext\php_php_openssl.dll.dll (The specified module could not be found.)) in Unknown on line 0
PHP Warning:  PHP Startup: Unable to load dynamic library 'php_ftp.dll' (tried: C:\xampp\php\ext\php_ftp.dll (The specified module could not be found.), C:\xampp\php\ext\php_php_ftp.dll.dll (The specified module could not be found.)) in Unknown on line 0
PHP Warning:  Cannot open 'C:\xampp\php\extras\browscap.ini' for reading in Unknown on line 0
PHP Fatal error:  Unable to start standard module in Unknown on line 0
PHP Warning:  PHP Startup: Unable to load dynamic library 'bz2' (tried: C:\xampp\php\ext\bz2 (The specified module could not be found.), C:\xampp\php\ext\php_bz2.dll (The specified module could not be found.)) in Unknown on line 0
PHP Warning:  PHP Startup: Unable to load dynamic library 'curl' (tried: C:\xampp\php\ext\curl (The specified module could not be found.), C:\xampp\php\ext\php_curl.dll (The specified module could not be found.)) in Unknown on line 0
PHP Warning:  PHP Startup: Unable to load dynamic library 'fileinfo' (tried: C:\xampp\php\ext\fileinfo (The specified module could not be found.), C:\xampp\php\ext\php_fileinfo.dll (The specified module could not be found.)) in Unknown on line 0
PHP Warning:  PHP Startup: Unable to load dynamic library 'gd2' (tried: C:\xampp\php\ext\gd2 (The specified module could not be found.), C:\xampp\php\ext\php_gd2.dll (The specified module could not be found.)) in Unknown on line 0
PHP Warning:  PHP Startup: Unable to load dynamic library 'gettext' (tried: C:\xampp\php\ext\gettext (The specified module could not be found.), C:\xampp\php\ext\php_gettext.dll (The specified module could not be found.)) in Unknown on line 0
PHP Warning:  PHP Startup: Unable to load dynamic library 'mbstring' (tried: C:\xampp\php\ext\mbstring (The specified module could not be found.), C:\xampp\php\ext\php_mbstring.dll (The specified module could not be found.)) in Unknown on line 0
PHP Warning:  PHP Startup: Unable to load dynamic library 'exif' (tried: C:\xampp\php\ext\exif (The specified module could not be found.), C:\xampp\php\ext\php_exif.dll (The specified module could not be found.)) in Unknown on line 0
PHP Warning:  PHP Startup: Unable to load dynamic library 'mysqli' (tried: C:\xampp\php\ext\mysqli (The specified module could not be found.), C:\xampp\php\ext\php_mysqli.dll (The specified module could not be found.)) in Unknown on line 0
PHP Warning:  PHP Startup: Unable to load dynamic library 'pdo_mysql' (tried: C:\xampp\php\ext\pdo_mysql (The specified module could not be found.), C:\xampp\php\ext\php_pdo_mysql.dll (The specified module could not be found.)) in Unknown on line 0
PHP Warning:  PHP Startup: Unable to load dynamic library 'pdo_sqlite' (tried: C:\xampp\php\ext\pdo_sqlite (The specified module could not be found.), C:\xampp\php\ext\php_pdo_sqlite.dll (The specified module could not be found.)) in Unknown on line 0
PHP Warning:  PHP Startup: Unable to load dynamic library 'php_openssl.dll' (tried: C:\xampp\php\ext\php_openssl.dll (The specified module could not be found.), C:\xampp\php\ext\php_php_openssl.dll.dll (The specified module could not be found.)) in Unknown on line 0
PHP Warning:  PHP Startup: Unable to load dynamic library 'php_ftp.dll' (tried: C:\xampp\php\ext\php_ftp.dll (The specified module could not be found.), C:\xampp\php\ext\php_php_ftp.dll.dll (The specified module could not be found.)) in Unknown on line 0
PHP Warning:  Cannot open 'C:\xampp\php\extras\browscap.ini' for reading in Unknown on line 0
PHP Fatal error:  Unable to start standard module in Unknown on line 0
PHP Warning:  PHP Startup: Unable to load dynamic library 'bz2' (tried: C:\xampp\php\ext\bz2 (The specified module could not be found.), C:\xampp\php\ext\php_bz2.dll (The specified module could not be found.)) in Unknown on line 0
PHP Warning:  PHP Startup: Unable to load dynamic library 'curl' (tried: C:\xampp\php\ext\curl (The specified module could not be found.), C:\xampp\php\ext\php_curl.dll (The specified module could not be found.)) in Unknown on line 0
PHP Warning:  PHP Startup: Unable to load dynamic library 'fileinfo' (tried: C:\xampp\php\ext\fileinfo (The specified module could not be found.), C:\xampp\php\ext\php_fileinfo.dll (The specified module could not be found.)) in Unknown on line 0
PHP Warning:  PHP Startup: Unable to load dynamic library 'gd2' (tried: C:\xampp\php\ext\gd2 (The specified module could not be found.), C:\xampp\php\ext\php_gd2.dll (The specified module could not be found.)) in Unknown on line 0
PHP Warning:  PHP Startup: Unable to load dynamic library 'gettext' (tried: C:\xampp\php\ext\gettext (The specified module could not be found.), C:\xampp\php\ext\php_gettext.dll (The specified module could not be found.)) in Unknown on line 0
PHP Warning:  PHP Startup: Unable to load dynamic library 'mbstring' (tried: C:\xampp\php\ext\mbstring (The specified module could not be found.), C:\xampp\php\ext\php_mbstring.dll (The specified module could not be found.)) in Unknown on line 0
PHP Warning:  PHP Startup: Unable to load dynamic library 'exif' (tried: C:\xampp\php\ext\exif (The specified module could not be found.), C:\xampp\php\ext\php_exif.dll (The specified module could not be found.)) in Unknown on line 0
PHP Warning:  PHP Startup: Unable to load dynamic library 'mysqli' (tried: C:\xampp\php\ext\mysqli (The specified module could not be found.), C:\xampp\php\ext\php_mysqli.dll (The specified module could not be found.)) in Unknown on line 0
PHP Warning:  PHP Startup: Unable to load dynamic library 'pdo_mysql' (tried: C:\xampp\php\ext\pdo_mysql (The specified module could not be found.), C:\xampp\php\ext\php_pdo_mysql.dll (The specified module could not be found.)) in Unknown on line 0
PHP Warning:  PHP Startup: Unable to load dynamic library 'pdo_sqlite' (tried: C:\xampp\php\ext\pdo_sqlite (The specified module could not be found.), C:\xampp\php\ext\php_pdo_sqlite.dll (The specified module could not be found.)) in Unknown on line 0
PHP Warning:  PHP Startup: Unable to load dynamic library 'php_openssl.dll' (tried: C:\xampp\php\ext\php_openssl.dll (The specified module could not be found.), C:\xampp\php\ext\php_php_openssl.dll.dll (The specified module could not be found.)) in Unknown on line 0
PHP Warning:  PHP Startup: Unable to load dynamic library 'php_ftp.dll' (tried: C:\xampp\php\ext\php_ftp.dll (The specified module could not be found.), C:\xampp\php\ext\php_php_ftp.dll.dll (The specified module could not be found.)) in Unknown on line 0
PHP Warning:  Cannot open 'C:\xampp\php\extras\browscap.ini' for reading in Unknown on line 0
PHP Fatal error:  Unable to start standard module in Unknown on line 0
PHP Warning:  PHP Startup: Unable to load dynamic library 'bz2' (tried: C:\xampp\php\ext\bz2 (The specified module could not be found.), C:\xampp\php\ext\php_bz2.dll (The specified module could not be found.)) in Unknown on line 0
PHP Warning:  PHP Startup: Unable to load dynamic library 'curl' (tried: C:\xampp\php\ext\curl (The specified module could not be found.), C:\xampp\php\ext\php_curl.dll (The specified module could not be found.)) in Unknown on line 0
PHP Warning:  PHP Startup: Unable to load dynamic library 'fileinfo' (tried: C:\xampp\php\ext\fileinfo (The specified module could not be found.), C:\xampp\php\ext\php_fileinfo.dll (The specified module could not be found.)) in Unknown on line 0
PHP Warning:  PHP Startup: Unable to load dynamic library 'gd2' (tried: C:\xampp\php\ext\gd2 (The specified module could not be found.), C:\xampp\php\ext\php_gd2.dll (The specified module could not be found.)) in Unknown on line 0
PHP Warning:  PHP Startup: Unable to load dynamic library 'gettext' (tried: C:\xampp\php\ext\gettext (The specified module could not be found.), C:\xampp\php\ext\php_gettext.dll (The specified module could not be found.)) in Unknown on line 0
PHP Warning:  PHP Startup: Unable to load dynamic library 'mbstring' (tried: C:\xampp\php\ext\mbstring (The specified module could not be found.), C:\xampp\php\ext\php_mbstring.dll (The specified module could not be found.)) in Unknown on line 0
PHP Warning:  PHP Startup: Unable to load dynamic library 'exif' (tried: C:\xampp\php\ext\exif (The specified module could not be found.), C:\xampp\php\ext\php_exif.dll (The specified module could not be found.)) in Unknown on line 0
PHP Warning:  PHP Startup: Unable to load dynamic library 'mysqli' (tried: C:\xampp\php\ext\mysqli (The specified module could not be found.), C:\xampp\php\ext\php_mysqli.dll (The specified module could not be found.)) in Unknown on line 0
PHP Warning:  PHP Startup: Unable to load dynamic library 'pdo_mysql' (tried: C:\xampp\php\ext\pdo_mysql (The specified module could not be found.), C:\xampp\php\ext\php_pdo_mysql.dll (The specified module could not be found.)) in Unknown on line 0
PHP Warning:  PHP Startup: Unable to load dynamic library 'pdo_sqlite' (tried: C:\xampp\php\ext\pdo_sqlite (The specified module could not be found.), C:\xampp\php\ext\php_pdo_sqlite.dll (The specified module could not be found.)) in Unknown on line 0
PHP Warning:  PHP Startup: Unable to load dynamic library 'php_openssl.dll' (tried: C:\xampp\php\ext\php_openssl.dll (The specified module could not be found.), C:\xampp\php\ext\php_php_openssl.dll.dll (The specified module could not be found.)) in Unknown on line 0
PHP Warning:  PHP Startup: Unable to load dynamic library 'php_ftp.dll' (tried: C:\xampp\php\ext\php_ftp.dll (The specified module could not be found.), C:\xampp\php\ext\php_php_ftp.dll.dll (The specified module could not be found.)) in Unknown on line 0
PHP Warning:  Cannot open 'C:\xampp\php\extras\browscap.ini' for reading in Unknown on line 0
PHP Fatal error:  Unable to start standard module in Unknown on line 0
PHP Warning:  PHP Startup: Unable to load dynamic library 'bz2' (tried: C:\xampp\php\ext\bz2 (The specified module could not be found.), C:\xampp\php\ext\php_bz2.dll (The specified module could not be found.)) in Unknown on line 0
PHP Warning:  PHP Startup: Unable to load dynamic library 'curl' (tried: C:\xampp\php\ext\curl (The specified module could not be found.), C:\xampp\php\ext\php_curl.dll (The specified module could not be found.)) in Unknown on line 0
PHP Warning:  PHP Startup: Unable to load dynamic library 'fileinfo' (tried: C:\xampp\php\ext\fileinfo (The specified module could not be found.), C:\xampp\php\ext\php_fileinfo.dll (The specified module could not be found.)) in Unknown on line 0
PHP Warning:  PHP Startup: Unable to load dynamic library 'gd2' (tried: C:\xampp\php\ext\gd2 (The specified module could not be found.), C:\xampp\php\ext\php_gd2.dll (The specified module could not be found.)) in Unknown on line 0
PHP Warning:  PHP Startup: Unable to load dynamic library 'gettext' (tried: C:\xampp\php\ext\gettext (The specified module could not be found.), C:\xampp\php\ext\php_gettext.dll (The specified module could not be found.)) in Unknown on line 0
PHP Warning:  PHP Startup: Unable to load dynamic library 'mbstring' (tried: C:\xampp\php\ext\mbstring (The specified module could not be found.), C:\xampp\php\ext\php_mbstring.dll (The specified module could not be found.)) in Unknown on line 0
PHP Warning:  PHP Startup: Unable to load dynamic library 'exif' (tried: C:\xampp\php\ext\exif (The specified module could not be found.), C:\xampp\php\ext\php_exif.dll (The specified module could not be found.)) in Unknown on line 0
PHP Warning:  PHP Startup: Unable to load dynamic library 'mysqli' (tried: C:\xampp\php\ext\mysqli (The specified module could not be found.), C:\xampp\php\ext\php_mysqli.dll (The specified module could not be found.)) in Unknown on line 0
PHP Warning:  PHP Startup: Unable to load dynamic library 'pdo_mysql' (tried: C:\xampp\php\ext\pdo_mysql (The specified module could not be found.), C:\xampp\php\ext\php_pdo_mysql.dll (The specified module could not be found.)) in Unknown on line 0
PHP Warning:  PHP Startup: Unable to load dynamic library 'pdo_sqlite' (tried: C:\xampp\php\ext\pdo_sqlite (The specified module could not be found.), C:\xampp\php\ext\php_pdo_sqlite.dll (The specified module could not be found.)) in Unknown on line 0
PHP Warning:  PHP Startup: Unable to load dynamic library 'php_openssl.dll' (tried: C:\xampp\php\ext\php_openssl.dll (The specified module could not be found.), C:\xampp\php\ext\php_php_openssl.dll.dll (The specified module could not be found.)) in Unknown on line 0
PHP Warning:  PHP Startup: Unable to load dynamic library 'php_ftp.dll' (tried: C:\xampp\php\ext\php_ftp.dll (The specified module could not be found.), C:\xampp\php\ext\php_php_ftp.dll.dll (The specified module could not be found.)) in Unknown on line 0
PHP Warning:  Cannot open 'C:\xampp\php\extras\browscap.ini' for reading in Unknown on line 0
PHP Fatal error:  Unable to start standard module in Unknown on line 0
PHP Warning:  PHP Startup: Unable to load dynamic library 'bz2' (tried: C:\xampp\php\ext\bz2 (The specified module could not be found.), C:\xampp\php\ext\php_bz2.dll (The specified module could not be found.)) in Unknown on line 0
PHP Warning:  PHP Startup: Unable to load dynamic library 'curl' (tried: C:\xampp\php\ext\curl (The specified module could not be found.), C:\xampp\php\ext\php_curl.dll (The specified module could not be found.)) in Unknown on line 0
PHP Warning:  PHP Startup: Unable to load dynamic library 'fileinfo' (tried: C:\xampp\php\ext\fileinfo (The specified module could not be found.), C:\xampp\php\ext\php_fileinfo.dll (The specified module could not be found.)) in Unknown on line 0
PHP Warning:  PHP Startup: Unable to load dynamic library 'gd2' (tried: C:\xampp\php\ext\gd2 (The specified module could not be found.), C:\xampp\php\ext\php_gd2.dll (The specified module could not be found.)) in Unknown on line 0
PHP Warning:  PHP Startup: Unable to load dynamic library 'gettext' (tried: C:\xampp\php\ext\gettext (The specified module could not be found.), C:\xampp\php\ext\php_gettext.dll (The specified module could not be found.)) in Unknown on line 0
PHP Warning:  PHP Startup: Unable to load dynamic library 'mbstring' (tried: C:\xampp\php\ext\mbstring (The specified module could not be found.), C:\xampp\php\ext\php_mbstring.dll (The specified module could not be found.)) in Unknown on line 0
PHP Warning:  PHP Startup: Unable to load dynamic library 'exif' (tried: C:\xampp\php\ext\exif (The specified module could not be found.), C:\xampp\php\ext\php_exif.dll (The specified module could not be found.)) in Unknown on line 0
PHP Warning:  PHP Startup: Unable to load dynamic library 'mysqli' (tried: C:\xampp\php\ext\mysqli (The specified module could not be found.), C:\xampp\php\ext\php_mysqli.dll (The specified module could not be found.)) in Unknown on line 0
PHP Warning:  PHP Startup: Unable to load dynamic library 'pdo_mysql' (tried: C:\xampp\php\ext\pdo_mysql (The specified module could not be found.), C:\xampp\php\ext\php_pdo_mysql.dll (The specified module could not be found.)) in Unknown on line 0
PHP Warning:  PHP Startup: Unable to load dynamic library 'pdo_sqlite' (tried: C:\xampp\php\ext\pdo_sqlite (The specified module could not be found.), C:\xampp\php\ext\php_pdo_sqlite.dll (The specified module could not be found.)) in Unknown on line 0
PHP Warning:  PHP Startup: Unable to load dynamic library 'php_openssl.dll' (tried: C:\xampp\php\ext\php_openssl.dll (The specified module could not be found.), C:\xampp\php\ext\php_php_openssl.dll.dll (The specified module could not be found.)) in Unknown on line 0
PHP Warning:  PHP Startup: Unable to load dynamic library 'php_ftp.dll' (tried: C:\xampp\php\ext\php_ftp.dll (The specified module could not be found.), C:\xampp\php\ext\php_php_ftp.dll.dll (The specified module could not be found.)) in Unknown on line 0
PHP Warning:  Cannot open 'C:\xampp\php\extras\browscap.ini' for reading in Unknown on line 0
PHP Fatal error:  Unable to start standard module in Unknown on line 0
PHP Warning:  PHP Startup: Unable to load dynamic library 'bz2' (tried: C:\xampp\php\ext\bz2 (The specified module could not be found.), C:\xampp\php\ext\php_bz2.dll (The specified module could not be found.)) in Unknown on line 0
PHP Warning:  PHP Startup: Unable to load dynamic library 'curl' (tried: C:\xampp\php\ext\curl (The specified module could not be found.), C:\xampp\php\ext\php_curl.dll (The specified module could not be found.)) in Unknown on line 0
PHP Warning:  PHP Startup: Unable to load dynamic library 'fileinfo' (tried: C:\xampp\php\ext\fileinfo (The specified module could not be found.), C:\xampp\php\ext\php_fileinfo.dll (The specified module could not be found.)) in Unknown on line 0
PHP Warning:  PHP Startup: Unable to load dynamic library 'gd2' (tried: C:\xampp\php\ext\gd2 (The specified module could not be found.), C:\xampp\php\ext\php_gd2.dll (The specified module could not be found.)) in Unknown on line 0
PHP Warning:  PHP Startup: Unable to load dynamic library 'gettext' (tried: C:\xampp\php\ext\gettext (The specified module could not be found.), C:\xampp\php\ext\php_gettext.dll (The specified module could not be found.)) in Unknown on line 0
PHP Warning:  PHP Startup: Unable to load dynamic library 'mbstring' (tried: C:\xampp\php\ext\mbstring (The specified module could not be found.), C:\xampp\php\ext\php_mbstring.dll (The specified module could not be found.)) in Unknown on line 0
PHP Warning:  PHP Startup: Unable to load dynamic library 'exif' (tried: C:\xampp\php\ext\exif (The specified module could not be found.), C:\xampp\php\ext\php_exif.dll (The specified module could not be found.)) in Unknown on line 0
PHP Warning:  PHP Startup: Unable to load dynamic library 'mysqli' (tried: C:\xampp\php\ext\mysqli (The specified module could not be found.), C:\xampp\php\ext\php_mysqli.dll (The specified module could not be found.)) in Unknown on line 0
PHP Warning:  PHP Startup: Unable to load dynamic library 'pdo_mysql' (tried: C:\xampp\php\ext\pdo_mysql (The specified module could not be found.), C:\xampp\php\ext\php_pdo_mysql.dll (The specified module could not be found.)) in Unknown on line 0
PHP Warning:  PHP Startup: Unable to load dynamic library 'pdo_sqlite' (tried: C:\xampp\php\ext\pdo_sqlite (The specified module could not be found.), C:\xampp\php\ext\php_pdo_sqlite.dll (The specified module could not be found.)) in Unknown on line 0
PHP Warning:  PHP Startup: Unable to load dynamic library 'php_openssl.dll' (tried: C:\xampp\php\ext\php_openssl.dll (The specified module could not be found.), C:\xampp\php\ext\php_php_openssl.dll.dll (The specified module could not be found.)) in Unknown on line 0
PHP Warning:  PHP Startup: Unable to load dynamic library 'php_ftp.dll' (tried: C:\xampp\php\ext\php_ftp.dll (The specified module could not be found.), C:\xampp\php\ext\php_php_ftp.dll.dll (The specified module could not be found.)) in Unknown on line 0
PHP Warning:  Cannot open 'C:\xampp\php\extras\browscap.ini' for reading in Unknown on line 0
PHP Fatal error:  Unable to start standard module in Unknown on line 0
PHP Warning:  PHP Startup: Unable to load dynamic library 'bz2' (tried: C:\xampp\php\ext\bz2 (The specified module could not be found.), C:\xampp\php\ext\php_bz2.dll (The specified module could not be found.)) in Unknown on line 0
PHP Warning:  PHP Startup: Unable to load dynamic library 'curl' (tried: C:\xampp\php\ext\curl (The specified module could not be found.), C:\xampp\php\ext\php_curl.dll (The specified module could not be found.)) in Unknown on line 0
PHP Warning:  PHP Startup: Unable to load dynamic library 'fileinfo' (tried: C:\xampp\php\ext\fileinfo (The specified module could not be found.), C:\xampp\php\ext\php_fileinfo.dll (The specified module could not be found.)) in Unknown on line 0
PHP Warning:  PHP Startup: Unable to load dynamic library 'gd2' (tried: C:\xampp\php\ext\gd2 (The specified module could not be found.), C:\xampp\php\ext\php_gd2.dll (The specified module could not be found.)) in Unknown on line 0
PHP Warning:  PHP Startup: Unable to load dynamic library 'gettext' (tried: C:\xampp\php\ext\gettext (The specified module could not be found.), C:\xampp\php\ext\php_gettext.dll (The specified module could not be found.)) in Unknown on line 0
PHP Warning:  PHP Startup: Unable to load dynamic library 'mbstring' (tried: C:\xampp\php\ext\mbstring (The specified module could not be found.), C:\xampp\php\ext\php_mbstring.dll (The specified module could not be found.)) in Unknown on line 0
PHP Warning:  PHP Startup: Unable to load dynamic library 'exif' (tried: C:\xampp\php\ext\exif (The specified module could not be found.), C:\xampp\php\ext\php_exif.dll (The specified module could not be found.)) in Unknown on line 0
PHP Warning:  PHP Startup: Unable to load dynamic library 'mysqli' (tried: C:\xampp\php\ext\mysqli (The specified module could not be found.), C:\xampp\php\ext\php_mysqli.dll (The specified module could not be found.)) in Unknown on line 0
PHP Warning:  PHP Startup: Unable to load dynamic library 'pdo_mysql' (tried: C:\xampp\php\ext\pdo_mysql (The specified module could not be found.), C:\xampp\php\ext\php_pdo_mysql.dll (The specified module could not be found.)) in Unknown on line 0
PHP Warning:  PHP Startup: Unable to load dynamic library 'pdo_sqlite' (tried: C:\xampp\php\ext\pdo_sqlite (The specified module could not be found.), C:\xampp\php\ext\php_pdo_sqlite.dll (The specified module could not be found.)) in Unknown on line 0
PHP Warning:  PHP Startup: Unable to load dynamic library 'php_openssl.dll' (tried: C:\xampp\php\ext\php_openssl.dll (The specified module could not be found.), C:\xampp\php\ext\php_php_openssl.dll.dll (The specified module could not be found.)) in Unknown on line 0
PHP Warning:  PHP Startup: Unable to load dynamic library 'php_ftp.dll' (tried: C:\xampp\php\ext\php_ftp.dll (The specified module could not be found.), C:\xampp\php\ext\php_php_ftp.dll.dll (The specified module could not be found.)) in Unknown on line 0
PHP Warning:  Cannot open 'C:\xampp\php\extras\browscap.ini' for reading in Unknown on line 0
PHP Fatal error:  Unable to start standard module in Unknown on line 0
PHP Warning:  PHP Startup: Unable to load dynamic library 'bz2' (tried: C:\xampp\php\ext\bz2 (The specified module could not be found.), C:\xampp\php\ext\php_bz2.dll (The specified module could not be found.)) in Unknown on line 0
PHP Warning:  PHP Startup: Unable to load dynamic library 'curl' (tried: C:\xampp\php\ext\curl (The specified module could not be found.), C:\xampp\php\ext\php_curl.dll (The specified module could not be found.)) in Unknown on line 0
PHP Warning:  PHP Startup: Unable to load dynamic library 'fileinfo' (tried: C:\xampp\php\ext\fileinfo (The specified module could not be found.), C:\xampp\php\ext\php_fileinfo.dll (The specified module could not be found.)) in Unknown on line 0
PHP Warning:  PHP Startup: Unable to load dynamic library 'gd2' (tried: C:\xampp\php\ext\gd2 (The specified module could not be found.), C:\xampp\php\ext\php_gd2.dll (The specified module could not be found.)) in Unknown on line 0
PHP Warning:  PHP Startup: Unable to load dynamic library 'gettext' (tried: C:\xampp\php\ext\gettext (The specified module could not be found.), C:\xampp\php\ext\php_gettext.dll (The specified module could not be found.)) in Unknown on line 0
PHP Warning:  PHP Startup: Unable to load dynamic library 'mbstring' (tried: C:\xampp\php\ext\mbstring (The specified module could not be found.), C:\xampp\php\ext\php_mbstring.dll (The specified module could not be found.)) in Unknown on line 0
PHP Warning:  PHP Startup: Unable to load dynamic library 'exif' (tried: C:\xampp\php\ext\exif (The specified module could not be found.), C:\xampp\php\ext\php_exif.dll (The specified module could not be found.)) in Unknown on line 0
PHP Warning:  PHP Startup: Unable to load dynamic library 'mysqli' (tried: C:\xampp\php\ext\mysqli (The specified module could not be found.), C:\xampp\php\ext\php_mysqli.dll (The specified module could not be found.)) in Unknown on line 0
PHP Warning:  PHP Startup: Unable to load dynamic library 'pdo_mysql' (tried: C:\xampp\php\ext\pdo_mysql (The specified module could not be found.), C:\xampp\php\ext\php_pdo_mysql.dll (The specified module could not be found.)) in Unknown on line 0
PHP Warning:  PHP Startup: Unable to load dynamic library 'pdo_sqlite' (tried: C:\xampp\php\ext\pdo_sqlite (The specified module could not be found.), C:\xampp\php\ext\php_pdo_sqlite.dll (The specified module could not be found.)) in Unknown on line 0
PHP Warning:  PHP Startup: Unable to load dynamic library 'php_openssl.dll' (tried: C:\xampp\php\ext\php_openssl.dll (The specified module could not be found.), C:\xampp\php\ext\php_php_openssl.dll.dll (The specified module could not be found.)) in Unknown on line 0
PHP Warning:  PHP Startup: Unable to load dynamic library 'php_ftp.dll' (tried: C:\xampp\php\ext\php_ftp.dll (The specified module could not be found.), C:\xampp\php\ext\php_php_ftp.dll.dll (The specified module could not be found.)) in Unknown on line 0
PHP Warning:  Cannot open 'C:\xampp\php\extras\browscap.ini' for reading in Unknown on line 0
PHP Fatal error:  Unable to start standard module in Unknown on line 0
PHP Warning:  PHP Startup: Unable to load dynamic library 'bz2' (tried: C:\xampp\php\ext\bz2 (The specified module could not be found.), C:\xampp\php\ext\php_bz2.dll (The specified module could not be found.)) in Unknown on line 0
PHP Warning:  PHP Startup: Unable to load dynamic library 'curl' (tried: C:\xampp\php\ext\curl (The specified module could not be found.), C:\xampp\php\ext\php_curl.dll (The specified module could not be found.)) in Unknown on line 0
PHP Warning:  PHP Startup: Unable to load dynamic library 'fileinfo' (tried: C:\xampp\php\ext\fileinfo (The specified module could not be found.), C:\xampp\php\ext\php_fileinfo.dll (The specified module could not be found.)) in Unknown on line 0
PHP Warning:  PHP Startup: Unable to load dynamic library 'gd2' (tried: C:\xampp\php\ext\gd2 (The specified module could not be found.), C:\xampp\php\ext\php_gd2.dll (The specified module could not be found.)) in Unknown on line 0
PHP Warning:  PHP Startup: Unable to load dynamic library 'gettext' (tried: C:\xampp\php\ext\gettext (The specified module could not be found.), C:\xampp\php\ext\php_gettext.dll (The specified module could not be found.)) in Unknown on line 0
PHP Warning:  PHP Startup: Unable to load dynamic library 'mbstring' (tried: C:\xampp\php\ext\mbstring (The specified module could not be found.), C:\xampp\php\ext\php_mbstring.dll (The specified module could not be found.)) in Unknown on line 0
PHP Warning:  PHP Startup: Unable to load dynamic library 'exif' (tried: C:\xampp\php\ext\exif (The specified module could not be found.), C:\xampp\php\ext\php_exif.dll (The specified module could not be found.)) in Unknown on line 0
PHP Warning:  PHP Startup: Unable to load dynamic library 'mysqli' (tried: C:\xampp\php\ext\mysqli (The specified module could not be found.), C:\xampp\php\ext\php_mysqli.dll (The specified module could not be found.)) in Unknown on line 0
PHP Warning:  PHP Startup: Unable to load dynamic library 'pdo_mysql' (tried: C:\xampp\php\ext\pdo_mysql (The specified module could not be found.), C:\xampp\php\ext\php_pdo_mysql.dll (The specified module could not be found.)) in Unknown on line 0
PHP Warning:  PHP Startup: Unable to load dynamic library 'pdo_sqlite' (tried: C:\xampp\php\ext\pdo_sqlite (The specified module could not be found.), C:\xampp\php\ext\php_pdo_sqlite.dll (The specified module could not be found.)) in Unknown on line 0
PHP Warning:  PHP Startup: Unable to load dynamic library 'php_openssl.dll' (tried: C:\xampp\php\ext\php_openssl.dll (The specified module could not be found.), C:\xampp\php\ext\php_php_openssl.dll.dll (The specified module could not be found.)) in Unknown on line 0
PHP Warning:  PHP Startup: Unable to load dynamic library 'php_ftp.dll' (tried: C:\xampp\php\ext\php_ftp.dll (The specified module could not be found.), C:\xampp\php\ext\php_php_ftp.dll.dll (The specified module could not be found.)) in Unknown on line 0
PHP Warning:  Cannot open 'C:\xampp\php\extras\browscap.ini' for reading in Unknown on line 0
PHP Fatal error:  Unable to start standard module in Unknown on line 0
PHP Warning:  PHP Startup: Unable to load dynamic library 'bz2' (tried: C:\xampp\php\ext\bz2 (The specified module could not be found.), C:\xampp\php\ext\php_bz2.dll (The specified module could not be found.)) in Unknown on line 0
PHP Warning:  PHP Startup: Unable to load dynamic library 'curl' (tried: C:\xampp\php\ext\curl (The specified module could not be found.), C:\xampp\php\ext\php_curl.dll (The specified module could not be found.)) in Unknown on line 0
PHP Warning:  PHP Startup: Unable to load dynamic library 'fileinfo' (tried: C:\xampp\php\ext\fileinfo (The specified module could not be found.), C:\xampp\php\ext\php_fileinfo.dll (The specified module could not be found.)) in Unknown on line 0
PHP Warning:  PHP Startup: Unable to load dynamic library 'gd2' (tried: C:\xampp\php\ext\gd2 (The specified module could not be found.), C:\xampp\php\ext\php_gd2.dll (The specified module could not be found.)) in Unknown on line 0
PHP Warning:  PHP Startup: Unable to load dynamic library 'gettext' (tried: C:\xampp\php\ext\gettext (The specified module could not be found.), C:\xampp\php\ext\php_gettext.dll (The specified module could not be found.)) in Unknown on line 0
PHP Warning:  PHP Startup: Unable to load dynamic library 'mbstring' (tried: C:\xampp\php\ext\mbstring (The specified module could not be found.), C:\xampp\php\ext\php_mbstring.dll (The specified module could not be found.)) in Unknown on line 0
PHP Warning:  PHP Startup: Unable to load dynamic library 'exif' (tried: C:\xampp\php\ext\exif (The specified module could not be found.), C:\xampp\php\ext\php_exif.dll (The specified module could not be found.)) in Unknown on line 0
PHP Warning:  PHP Startup: Unable to load dynamic library 'mysqli' (tried: C:\xampp\php\ext\mysqli (The specified module could not be found.), C:\xampp\php\ext\php_mysqli.dll (The specified module could not be found.)) in Unknown on line 0
PHP Warning:  PHP Startup: Unable to load dynamic library 'pdo_mysql' (tried: C:\xampp\php\ext\pdo_mysql (The specified module could not be found.), C:\xampp\php\ext\php_pdo_mysql.dll (The specified module could not be found.)) in Unknown on line 0
PHP Warning:  PHP Startup: Unable to load dynamic library 'pdo_sqlite' (tried: C:\xampp\php\ext\pdo_sqlite (The specified module could not be found.), C:\xampp\php\ext\php_pdo_sqlite.dll (The specified module could not be found.)) in Unknown on line 0
PHP Warning:  PHP Startup: Unable to load dynamic library 'php_openssl.dll' (tried: C:\xampp\php\ext\php_openssl.dll (The specified module could not be found.), C:\xampp\php\ext\php_php_openssl.dll.dll (The specified module could not be found.)) in Unknown on line 0
PHP Warning:  PHP Startup: Unable to load dynamic library 'php_ftp.dll' (tried: C:\xampp\php\ext\php_ftp.dll (The specified module could not be found.), C:\xampp\php\ext\php_php_ftp.dll.dll (The specified module could not be found.)) in Unknown on line 0
PHP Warning:  Cannot open 'C:\xampp\php\extras\browscap.ini' for reading in Unknown on line 0
PHP Fatal error:  Unable to start standard module in Unknown on line 0
PHP Warning:  PHP Startup: Unable to load dynamic library 'bz2' (tried: C:\xampp\php\ext\bz2 (The specified module could not be found.), C:\xampp\php\ext\php_bz2.dll (The specified module could not be found.)) in Unknown on line 0
PHP Warning:  PHP Startup: Unable to load dynamic library 'curl' (tried: C:\xampp\php\ext\curl (The specified module could not be found.), C:\xampp\php\ext\php_curl.dll (The specified module could not be found.)) in Unknown on line 0
PHP Warning:  PHP Startup: Unable to load dynamic library 'fileinfo' (tried: C:\xampp\php\ext\fileinfo (The specified module could not be found.), C:\xampp\php\ext\php_fileinfo.dll (The specified module could not be found.)) in Unknown on line 0
PHP Warning:  PHP Startup: Unable to load dynamic library 'gd2' (tried: C:\xampp\php\ext\gd2 (The specified module could not be found.), C:\xampp\php\ext\php_gd2.dll (The specified module could not be found.)) in Unknown on line 0
PHP Warning:  PHP Startup: Unable to load dynamic library 'gettext' (tried: C:\xampp\php\ext\gettext (The specified module could not be found.), C:\xampp\php\ext\php_gettext.dll (The specified module could not be found.)) in Unknown on line 0
PHP Warning:  PHP Startup: Unable to load dynamic library 'mbstring' (tried: C:\xampp\php\ext\mbstring (The specified module could not be found.), C:\xampp\php\ext\php_mbstring.dll (The specified module could not be found.)) in Unknown on line 0
PHP Warning:  PHP Startup: Unable to load dynamic library 'exif' (tried: C:\xampp\php\ext\exif (The specified module could not be found.), C:\xampp\php\ext\php_exif.dll (The specified module could not be found.)) in Unknown on line 0
PHP Warning:  PHP Startup: Unable to load dynamic library 'mysqli' (tried: C:\xampp\php\ext\mysqli (The specified module could not be found.), C:\xampp\php\ext\php_mysqli.dll (The specified module could not be found.)) in Unknown on line 0
PHP Warning:  PHP Startup: Unable to load dynamic library 'pdo_mysql' (tried: C:\xampp\php\ext\pdo_mysql (The specified module could not be found.), C:\xampp\php\ext\php_pdo_mysql.dll (The specified module could not be found.)) in Unknown on line 0
PHP Warning:  PHP Startup: Unable to load dynamic library 'pdo_sqlite' (tried: C:\xampp\php\ext\pdo_sqlite (The specified module could not be found.), C:\xampp\php\ext\php_pdo_sqlite.dll (The specified module could not be found.)) in Unknown on line 0
PHP Warning:  PHP Startup: Unable to load dynamic library 'php_openssl.dll' (tried: C:\xampp\php\ext\php_openssl.dll (The specified module could not be found.), C:\xampp\php\ext\php_php_openssl.dll.dll (The specified module could not be found.)) in Unknown on line 0
PHP Warning:  PHP Startup: Unable to load dynamic library 'php_ftp.dll' (tried: C:\xampp\php\ext\php_ftp.dll (The specified module could not be found.), C:\xampp\php\ext\php_php_ftp.dll.dll (The specified module could not be found.)) in Unknown on line 0
PHP Warning:  Cannot open 'C:\xampp\php\extras\browscap.ini' for reading in Unknown on line 0
PHP Fatal error:  Unable to start standard module in Unknown on line 0
PHP Warning:  PHP Startup: Unable to load dynamic library 'bz2' (tried: C:\xampp\php\ext\bz2 (The specified module could not be found.), C:\xampp\php\ext\php_bz2.dll (The specified module could not be found.)) in Unknown on line 0
PHP Warning:  PHP Startup: Unable to load dynamic library 'curl' (tried: C:\xampp\php\ext\curl (The specified module could not be found.), C:\xampp\php\ext\php_curl.dll (The specified module could not be found.)) in Unknown on line 0
PHP Warning:  PHP Startup: Unable to load dynamic library 'fileinfo' (tried: C:\xampp\php\ext\fileinfo (The specified module could not be found.), C:\xampp\php\ext\php_fileinfo.dll (The specified module could not be found.)) in Unknown on line 0
PHP Warning:  PHP Startup: Unable to load dynamic library 'gd2' (tried: C:\xampp\php\ext\gd2 (The specified module could not be found.), C:\xampp\php\ext\php_gd2.dll (The specified module could not be found.)) in Unknown on line 0
PHP Warning:  PHP Startup: Unable to load dynamic library 'gettext' (tried: C:\xampp\php\ext\gettext (The specified module could not be found.), C:\xampp\php\ext\php_gettext.dll (The specified module could not be found.)) in Unknown on line 0
PHP Warning:  PHP Startup: Unable to load dynamic library 'mbstring' (tried: C:\xampp\php\ext\mbstring (The specified module could not be found.), C:\xampp\php\ext\php_mbstring.dll (The specified module could not be found.)) in Unknown on line 0
PHP Warning:  PHP Startup: Unable to load dynamic library 'exif' (tried: C:\xampp\php\ext\exif (The specified module could not be found.), C:\xampp\php\ext\php_exif.dll (The specified module could not be found.)) in Unknown on line 0
PHP Warning:  PHP Startup: Unable to load dynamic library 'mysqli' (tried: C:\xampp\php\ext\mysqli (The specified module could not be found.), C:\xampp\php\ext\php_mysqli.dll (The specified module could not be found.)) in Unknown on line 0
PHP Warning:  PHP Startup: Unable to load dynamic library 'pdo_mysql' (tried: C:\xampp\php\ext\pdo_mysql (The specified module could not be found.), C:\xampp\php\ext\php_pdo_mysql.dll (The specified module could not be found.)) in Unknown on line 0
PHP Warning:  PHP Startup: Unable to load dynamic library 'pdo_sqlite' (tried: C:\xampp\php\ext\pdo_sqlite (The specified module could not be found.), C:\xampp\php\ext\php_pdo_sqlite.dll (The specified module could not be found.)) in Unknown on line 0
PHP Warning:  PHP Startup: Unable to load dynamic library 'php_openssl.dll' (tried: C:\xampp\php\ext\php_openssl.dll (The specified module could not be found.), C:\xampp\php\ext\php_php_openssl.dll.dll (The specified module could not be found.)) in Unknown on line 0
PHP Warning:  PHP Startup: Unable to load dynamic library 'php_ftp.dll' (tried: C:\xampp\php\ext\php_ftp.dll (The specified module could not be found.), C:\xampp\php\ext\php_php_ftp.dll.dll (The specified module could not be found.)) in Unknown on line 0
PHP Warning:  Cannot open 'C:\xampp\php\extras\browscap.ini' for reading in Unknown on line 0
PHP Fatal error:  Unable to start standard module in Unknown on line 0
PHP Warning:  PHP Startup: Unable to load dynamic library 'bz2' (tried: C:\xampp\php\ext\bz2 (The specified module could not be found.), C:\xampp\php\ext\php_bz2.dll (The specified module could not be found.)) in Unknown on line 0
PHP Warning:  PHP Startup: Unable to load dynamic library 'curl' (tried: C:\xampp\php\ext\curl (The specified module could not be found.), C:\xampp\php\ext\php_curl.dll (The specified module could not be found.)) in Unknown on line 0
PHP Warning:  PHP Startup: Unable to load dynamic library 'fileinfo' (tried: C:\xampp\php\ext\fileinfo (The specified module could not be found.), C:\xampp\php\ext\php_fileinfo.dll (The specified module could not be found.)) in Unknown on line 0
PHP Warning:  PHP Startup: Unable to load dynamic library 'gd2' (tried: C:\xampp\php\ext\gd2 (The specified module could not be found.), C:\xampp\php\ext\php_gd2.dll (The specified module could not be found.)) in Unknown on line 0
PHP Warning:  PHP Startup: Unable to load dynamic library 'gettext' (tried: C:\xampp\php\ext\gettext (The specified module could not be found.), C:\xampp\php\ext\php_gettext.dll (The specified module could not be found.)) in Unknown on line 0
PHP Warning:  PHP Startup: Unable to load dynamic library 'mbstring' (tried: C:\xampp\php\ext\mbstring (The specified module could not be found.), C:\xampp\php\ext\php_mbstring.dll (The specified module could not be found.)) in Unknown on line 0
PHP Warning:  PHP Startup: Unable to load dynamic library 'exif' (tried: C:\xampp\php\ext\exif (The specified module could not be found.), C:\xampp\php\ext\php_exif.dll (The specified module could not be found.)) in Unknown on line 0
PHP Warning:  PHP Startup: Unable to load dynamic library 'mysqli' (tried: C:\xampp\php\ext\mysqli (The specified module could not be found.), C:\xampp\php\ext\php_mysqli.dll (The specified module could not be found.)) in Unknown on line 0
PHP Warning:  PHP Startup: Unable to load dynamic library 'pdo_mysql' (tried: C:\xampp\php\ext\pdo_mysql (The specified module could not be found.), C:\xampp\php\ext\php_pdo_mysql.dll (The specified module could not be found.)) in Unknown on line 0
PHP Warning:  PHP Startup: Unable to load dynamic library 'pdo_sqlite' (tried: C:\xampp\php\ext\pdo_sqlite (The specified module could not be found.), C:\xampp\php\ext\php_pdo_sqlite.dll (The specified module could not be found.)) in Unknown on line 0
PHP Warning:  PHP Startup: Unable to load dynamic library 'php_openssl.dll' (tried: C:\xampp\php\ext\php_openssl.dll (The specified module could not be found.), C:\xampp\php\ext\php_php_openssl.dll.dll (The specified module could not be found.)) in Unknown on line 0
PHP Warning:  PHP Startup: Unable to load dynamic library 'php_ftp.dll' (tried: C:\xampp\php\ext\php_ftp.dll (The specified module could not be found.), C:\xampp\php\ext\php_php_ftp.dll.dll (The specified module could not be found.)) in Unknown on line 0
PHP Warning:  Cannot open 'C:\xampp\php\extras\browscap.ini' for reading in Unknown on line 0
PHP Fatal error:  Unable to start standard module in Unknown on line 0
PHP Warning:  PHP Startup: Unable to load dynamic library 'bz2' (tried: C:\xampp\php\ext\bz2 (The specified module could not be found.), C:\xampp\php\ext\php_bz2.dll (The specified module could not be found.)) in Unknown on line 0
PHP Warning:  PHP Startup: Unable to load dynamic library 'curl' (tried: C:\xampp\php\ext\curl (The specified module could not be found.), C:\xampp\php\ext\php_curl.dll (The specified module could not be found.)) in Unknown on line 0
PHP Warning:  PHP Startup: Unable to load dynamic library 'fileinfo' (tried: C:\xampp\php\ext\fileinfo (The specified module could not be found.), C:\xampp\php\ext\php_fileinfo.dll (The specified module could not be found.)) in Unknown on line 0
PHP Warning:  PHP Startup: Unable to load dynamic library 'gd2' (tried: C:\xampp\php\ext\gd2 (The specified module could not be found.), C:\xampp\php\ext\php_gd2.dll (The specified module could not be found.)) in Unknown on line 0
PHP Warning:  PHP Startup: Unable to load dynamic library 'gettext' (tried: C:\xampp\php\ext\gettext (The specified module could not be found.), C:\xampp\php\ext\php_gettext.dll (The specified module could not be found.)) in Unknown on line 0
PHP Warning:  PHP Startup: Unable to load dynamic library 'mbstring' (tried: C:\xampp\php\ext\mbstring (The specified module could not be found.), C:\xampp\php\ext\php_mbstring.dll (The specified module could not be found.)) in Unknown on line 0
PHP Warning:  PHP Startup: Unable to load dynamic library 'exif' (tried: C:\xampp\php\ext\exif (The specified module could not be found.), C:\xampp\php\ext\php_exif.dll (The specified module could not be found.)) in Unknown on line 0
PHP Warning:  PHP Startup: Unable to load dynamic library 'mysqli' (tried: C:\xampp\php\ext\mysqli (The specified module could not be found.), C:\xampp\php\ext\php_mysqli.dll (The specified module could not be found.)) in Unknown on line 0
PHP Warning:  PHP Startup: Unable to load dynamic library 'pdo_mysql' (tried: C:\xampp\php\ext\pdo_mysql (The specified module could not be found.), C:\xampp\php\ext\php_pdo_mysql.dll (The specified module could not be found.)) in Unknown on line 0
PHP Warning:  PHP Startup: Unable to load dynamic library 'pdo_sqlite' (tried: C:\xampp\php\ext\pdo_sqlite (The specified module could not be found.), C:\xampp\php\ext\php_pdo_sqlite.dll (The specified module could not be found.)) in Unknown on line 0
PHP Warning:  PHP Startup: Unable to load dynamic library 'php_openssl.dll' (tried: C:\xampp\php\ext\php_openssl.dll (The specified module could not be found.), C:\xampp\php\ext\php_php_openssl.dll.dll (The specified module could not be found.)) in Unknown on line 0
PHP Warning:  PHP Startup: Unable to load dynamic library 'php_ftp.dll' (tried: C:\xampp\php\ext\php_ftp.dll (The specified module could not be found.), C:\xampp\php\ext\php_php_ftp.dll.dll (The specified module could not be found.)) in Unknown on line 0
PHP Warning:  Cannot open 'C:\xampp\php\extras\browscap.ini' for reading in Unknown on line 0
PHP Fatal error:  Unable to start standard module in Unknown on line 0
PHP Warning:  PHP Startup: Unable to load dynamic library 'bz2' (tried: C:\xampp\php\ext\bz2 (The specified module could not be found.), C:\xampp\php\ext\php_bz2.dll (The specified module could not be found.)) in Unknown on line 0
PHP Warning:  PHP Startup: Unable to load dynamic library 'curl' (tried: C:\xampp\php\ext\curl (The specified module could not be found.), C:\xampp\php\ext\php_curl.dll (The specified module could not be found.)) in Unknown on line 0
PHP Warning:  PHP Startup: Unable to load dynamic library 'fileinfo' (tried: C:\xampp\php\ext\fileinfo (The specified module could not be found.), C:\xampp\php\ext\php_fileinfo.dll (The specified module could not be found.)) in Unknown on line 0
PHP Warning:  PHP Startup: Unable to load dynamic library 'gd2' (tried: C:\xampp\php\ext\gd2 (The specified module could not be found.), C:\xampp\php\ext\php_gd2.dll (The specified module could not be found.)) in Unknown on line 0
PHP Warning:  PHP Startup: Unable to load dynamic library 'gettext' (tried: C:\xampp\php\ext\gettext (The specified module could not be found.), C:\xampp\php\ext\php_gettext.dll (The specified module could not be found.)) in Unknown on line 0
PHP Warning:  PHP Startup: Unable to load dynamic library 'mbstring' (tried: C:\xampp\php\ext\mbstring (The specified module could not be found.), C:\xampp\php\ext\php_mbstring.dll (The specified module could not be found.)) in Unknown on line 0
PHP Warning:  PHP Startup: Unable to load dynamic library 'exif' (tried: C:\xampp\php\ext\exif (The specified module could not be found.), C:\xampp\php\ext\php_exif.dll (The specified module could not be found.)) in Unknown on line 0
PHP Warning:  PHP Startup: Unable to load dynamic library 'mysqli' (tried: C:\xampp\php\ext\mysqli (The specified module could not be found.), C:\xampp\php\ext\php_mysqli.dll (The specified module could not be found.)) in Unknown on line 0
PHP Warning:  PHP Startup: Unable to load dynamic library 'pdo_mysql' (tried: C:\xampp\php\ext\pdo_mysql (The specified module could not be found.), C:\xampp\php\ext\php_pdo_mysql.dll (The specified module could not be found.)) in Unknown on line 0
PHP Warning:  PHP Startup: Unable to load dynamic library 'pdo_sqlite' (tried: C:\xampp\php\ext\pdo_sqlite (The specified module could not be found.), C:\xampp\php\ext\php_pdo_sqlite.dll (The specified module could not be found.)) in Unknown on line 0
PHP Warning:  PHP Startup: Unable to load dynamic library 'php_openssl.dll' (tried: C:\xampp\php\ext\php_openssl.dll (The specified module could not be found.), C:\xampp\php\ext\php_php_openssl.dll.dll (The specified module could not be found.)) in Unknown on line 0
PHP Warning:  PHP Startup: Unable to load dynamic library 'php_ftp.dll' (tried: C:\xampp\php\ext\php_ftp.dll (The specified module could not be found.), C:\xampp\php\ext\php_php_ftp.dll.dll (The specified module could not be found.)) in Unknown on line 0
PHP Warning:  Cannot open 'C:\xampp\php\extras\browscap.ini' for reading in Unknown on line 0
PHP Fatal error:  Unable to start standard module in Unknown on line 0
PHP Warning:  PHP Startup: Unable to load dynamic library 'bz2' (tried: C:\xampp\php\ext\bz2 (The specified module could not be found.), C:\xampp\php\ext\php_bz2.dll (The specified module could not be found.)) in Unknown on line 0
PHP Warning:  PHP Startup: Unable to load dynamic library 'curl' (tried: C:\xampp\php\ext\curl (The specified module could not be found.), C:\xampp\php\ext\php_curl.dll (The specified module could not be found.)) in Unknown on line 0
PHP Warning:  PHP Startup: Unable to load dynamic library 'fileinfo' (tried: C:\xampp\php\ext\fileinfo (The specified module could not be found.), C:\xampp\php\ext\php_fileinfo.dll (The specified module could not be found.)) in Unknown on line 0
PHP Warning:  PHP Startup: Unable to load dynamic library 'gd2' (tried: C:\xampp\php\ext\gd2 (The specified module could not be found.), C:\xampp\php\ext\php_gd2.dll (The specified module could not be found.)) in Unknown on line 0
PHP Warning:  PHP Startup: Unable to load dynamic library 'gettext' (tried: C:\xampp\php\ext\gettext (The specified module could not be found.), C:\xampp\php\ext\php_gettext.dll (The specified module could not be found.)) in Unknown on line 0
PHP Warning:  PHP Startup: Unable to load dynamic library 'mbstring' (tried: C:\xampp\php\ext\mbstring (The specified module could not be found.), C:\xampp\php\ext\php_mbstring.dll (The specified module could not be found.)) in Unknown on line 0
PHP Warning:  PHP Startup: Unable to load dynamic library 'exif' (tried: C:\xampp\php\ext\exif (The specified module could not be found.), C:\xampp\php\ext\php_exif.dll (The specified module could not be found.)) in Unknown on line 0
PHP Warning:  PHP Startup: Unable to load dynamic library 'mysqli' (tried: C:\xampp\php\ext\mysqli (The specified module could not be found.), C:\xampp\php\ext\php_mysqli.dll (The specified module could not be found.)) in Unknown on line 0
PHP Warning:  PHP Startup: Unable to load dynamic library 'pdo_mysql' (tried: C:\xampp\php\ext\pdo_mysql (The specified module could not be found.), C:\xampp\php\ext\php_pdo_mysql.dll (The specified module could not be found.)) in Unknown on line 0
PHP Warning:  PHP Startup: Unable to load dynamic library 'pdo_sqlite' (tried: C:\xampp\php\ext\pdo_sqlite (The specified module could not be found.), C:\xampp\php\ext\php_pdo_sqlite.dll (The specified module could not be found.)) in Unknown on line 0
PHP Warning:  PHP Startup: Unable to load dynamic library 'php_openssl.dll' (tried: C:\xampp\php\ext\php_openssl.dll (The specified module could not be found.), C:\xampp\php\ext\php_php_openssl.dll.dll (The specified module could not be found.)) in Unknown on line 0
PHP Warning:  PHP Startup: Unable to load dynamic library 'php_ftp.dll' (tried: C:\xampp\php\ext\php_ftp.dll (The specified module could not be found.), C:\xampp\php\ext\php_php_ftp.dll.dll (The specified module could not be found.)) in Unknown on line 0
PHP Warning:  Cannot open 'C:\xampp\php\extras\browscap.ini' for reading in Unknown on line 0
PHP Fatal error:  Unable to start standard module in Unknown on line 0
PHP Warning:  PHP Startup: Unable to load dynamic library 'bz2' (tried: ./bz2 (The specified module could not be found.), ./php_bz2.dll (The specified module could not be found.)) in Unknown on line 0
PHP Warning:  PHP Startup: Unable to load dynamic library 'curl' (tried: ./curl (The specified module could not be found.), ./php_curl.dll (The specified module could not be found.)) in Unknown on line 0
PHP Warning:  PHP Startup: Unable to load dynamic library 'fileinfo' (tried: ./fileinfo (The specified module could not be found.), ./php_fileinfo.dll (The specified module could not be found.)) in Unknown on line 0
PHP Warning:  PHP Startup: Unable to load dynamic library 'gd2' (tried: ./gd2 (The specified module could not be found.), ./php_gd2.dll (The specified module could not be found.)) in Unknown on line 0
PHP Warning:  PHP Startup: Unable to load dynamic library 'gettext' (tried: ./gettext (The specified module could not be found.), ./php_gettext.dll (The specified module could not be found.)) in Unknown on line 0
PHP Warning:  PHP Startup: Unable to load dynamic library 'mbstring' (tried: ./mbstring (The specified module could not be found.), ./php_mbstring.dll (The specified module could not be found.)) in Unknown on line 0
PHP Warning:  PHP Startup: Unable to load dynamic library 'exif' (tried: ./exif (The specified module could not be found.), ./php_exif.dll (The specified module could not be found.)) in Unknown on line 0
PHP Warning:  PHP Startup: Unable to load dynamic library 'mysqli' (tried: ./mysqli (The specified module could not be found.), ./php_mysqli.dll (The specified module could not be found.)) in Unknown on line 0
PHP Warning:  PHP Startup: Unable to load dynamic library 'pdo_mysql' (tried: ./pdo_mysql (The specified module could not be found.), ./php_pdo_mysql.dll (The specified module could not be found.)) in Unknown on line 0
PHP Warning:  PHP Startup: Unable to load dynamic library 'pdo_sqlite' (tried: ./pdo_sqlite (The specified module could not be found.), ./php_pdo_sqlite.dll (The specified module could not be found.)) in Unknown on line 0
PHP Warning:  PHP Startup: Unable to load dynamic library 'php_openssl.dll' (tried: ./php_openssl.dll (The specified module could not be found.), ./php_php_openssl.dll.dll (The specified module could not be found.)) in Unknown on line 0
PHP Warning:  PHP Startup: Unable to load dynamic library 'php_ftp.dll' (tried: ./php_ftp.dll (The specified module could not be found.), ./php_php_ftp.dll.dll (The specified module could not be found.)) in Unknown on line 0
PHP Warning:  Cannot open 'C:\xampp\php\extras\browscap.ini' for reading in Unknown on line 0
PHP Fatal error:  Unable to start standard module in Unknown on line 0
PHP Warning:  PHP Startup: Unable to load dynamic library 'bz2' (tried: ./bz2 (The specified module could not be found.), ./php_bz2.dll (The specified module could not be found.)) in Unknown on line 0
PHP Warning:  PHP Startup: Unable to load dynamic library 'curl' (tried: ./curl (The specified module could not be found.), ./php_curl.dll (The specified module could not be found.)) in Unknown on line 0
PHP Warning:  PHP Startup: Unable to load dynamic library 'fileinfo' (tried: ./fileinfo (The specified module could not be found.), ./php_fileinfo.dll (The specified module could not be found.)) in Unknown on line 0
PHP Warning:  PHP Startup: Unable to load dynamic library 'gd2' (tried: ./gd2 (The specified module could not be found.), ./php_gd2.dll (The specified module could not be found.)) in Unknown on line 0
PHP Warning:  PHP Startup: Unable to load dynamic library 'gettext' (tried: ./gettext (The specified module could not be found.), ./php_gettext.dll (The specified module could not be found.)) in Unknown on line 0
PHP Warning:  PHP Startup: Unable to load dynamic library 'mbstring' (tried: ./mbstring (The specified module could not be found.), ./php_mbstring.dll (The specified module could not be found.)) in Unknown on line 0
PHP Warning:  PHP Startup: Unable to load dynamic library 'exif' (tried: ./exif (The specified module could not be found.), ./php_exif.dll (The specified module could not be found.)) in Unknown on line 0
PHP Warning:  PHP Startup: Unable to load dynamic library 'mysqli' (tried: ./mysqli (The specified module could not be found.), ./php_mysqli.dll (The specified module could not be found.)) in Unknown on line 0
PHP Warning:  PHP Startup: Unable to load dynamic library 'pdo_mysql' (tried: ./pdo_mysql (The specified module could not be found.), ./php_pdo_mysql.dll (The specified module could not be found.)) in Unknown on line 0
PHP Warning:  PHP Startup: Unable to load dynamic library 'pdo_sqlite' (tried: ./pdo_sqlite (The specified module could not be found.), ./php_pdo_sqlite.dll (The specified module could not be found.)) in Unknown on line 0
PHP Warning:  PHP Startup: Unable to load dynamic library 'php_openssl.dll' (tried: ./php_openssl.dll (The specified module could not be found.), ./php_php_openssl.dll.dll (The specified module could not be found.)) in Unknown on line 0
PHP Warning:  PHP Startup: Unable to load dynamic library 'php_ftp.dll' (tried: ./php_ftp.dll (The specified module could not be found.), ./php_php_ftp.dll.dll (The specified module could not be found.)) in Unknown on line 0
PHP Warning:  Cannot open 'C:\xampp\php\extras\browscap.ini' for reading in Unknown on line 0
PHP Fatal error:  Unable to start standard module in Unknown on line 0
PHP Warning:  PHP Startup: Unable to load dynamic library 'bz2' (tried: ./bz2 (The specified module could not be found.), ./php_bz2.dll (The specified module could not be found.)) in Unknown on line 0
PHP Warning:  PHP Startup: Unable to load dynamic library 'curl' (tried: ./curl (The specified module could not be found.), ./php_curl.dll (The specified module could not be found.)) in Unknown on line 0
PHP Warning:  PHP Startup: Unable to load dynamic library 'fileinfo' (tried: ./fileinfo (The specified module could not be found.), ./php_fileinfo.dll (The specified module could not be found.)) in Unknown on line 0
PHP Warning:  PHP Startup: Unable to load dynamic library 'gd2' (tried: ./gd2 (The specified module could not be found.), ./php_gd2.dll (The specified module could not be found.)) in Unknown on line 0
PHP Warning:  PHP Startup: Unable to load dynamic library 'gettext' (tried: ./gettext (The specified module could not be found.), ./php_gettext.dll (The specified module could not be found.)) in Unknown on line 0
PHP Warning:  PHP Startup: Unable to load dynamic library 'mbstring' (tried: ./mbstring (The specified module could not be found.), ./php_mbstring.dll (The specified module could not be found.)) in Unknown on line 0
PHP Warning:  PHP Startup: Unable to load dynamic library 'exif' (tried: ./exif (The specified module could not be found.), ./php_exif.dll (The specified module could not be found.)) in Unknown on line 0
PHP Warning:  PHP Startup: Unable to load dynamic library 'mysqli' (tried: ./mysqli (The specified module could not be found.), ./php_mysqli.dll (The specified module could not be found.)) in Unknown on line 0
PHP Warning:  PHP Startup: Unable to load dynamic library 'pdo_mysql' (tried: ./pdo_mysql (The specified module could not be found.), ./php_pdo_mysql.dll (The specified module could not be found.)) in Unknown on line 0
PHP Warning:  PHP Startup: Unable to load dynamic library 'pdo_sqlite' (tried: ./pdo_sqlite (The specified module could not be found.), ./php_pdo_sqlite.dll (The specified module could not be found.)) in Unknown on line 0
PHP Warning:  PHP Startup: Unable to load dynamic library 'php_openssl.dll' (tried: ./php_openssl.dll (The specified module could not be found.), ./php_php_openssl.dll.dll (The specified module could not be found.)) in Unknown on line 0
PHP Warning:  PHP Startup: Unable to load dynamic library 'php_ftp.dll' (tried: ./php_ftp.dll (The specified module could not be found.), ./php_php_ftp.dll.dll (The specified module could not be found.)) in Unknown on line 0
PHP Warning:  Cannot open 'C:\xampp\php\extras\browscap.ini' for reading in Unknown on line 0
PHP Fatal error:  Unable to start standard module in Unknown on line 0
PHP Warning:  PHP Startup: Unable to load dynamic library 'bz2' (tried: ./bz2 (The specified module could not be found.), ./php_bz2.dll (The specified module could not be found.)) in Unknown on line 0
PHP Warning:  PHP Startup: Unable to load dynamic library 'curl' (tried: ./curl (The specified module could not be found.), ./php_curl.dll (The specified module could not be found.)) in Unknown on line 0
PHP Warning:  PHP Startup: Unable to load dynamic library 'fileinfo' (tried: ./fileinfo (The specified module could not be found.), ./php_fileinfo.dll (The specified module could not be found.)) in Unknown on line 0
PHP Warning:  PHP Startup: Unable to load dynamic library 'gd2' (tried: ./gd2 (The specified module could not be found.), ./php_gd2.dll (The specified module could not be found.)) in Unknown on line 0
PHP Warning:  PHP Startup: Unable to load dynamic library 'gettext' (tried: ./gettext (The specified module could not be found.), ./php_gettext.dll (The specified module could not be found.)) in Unknown on line 0
PHP Warning:  PHP Startup: Unable to load dynamic library 'mbstring' (tried: ./mbstring (The specified module could not be found.), ./php_mbstring.dll (The specified module could not be found.)) in Unknown on line 0
PHP Warning:  PHP Startup: Unable to load dynamic library 'exif' (tried: ./exif (The specified module could not be found.), ./php_exif.dll (The specified module could not be found.)) in Unknown on line 0
PHP Warning:  PHP Startup: Unable to load dynamic library 'mysqli' (tried: ./mysqli (The specified module could not be found.), ./php_mysqli.dll (The specified module could not be found.)) in Unknown on line 0
PHP Warning:  PHP Startup: Unable to load dynamic library 'pdo_mysql' (tried: ./pdo_mysql (The specified module could not be found.), ./php_pdo_mysql.dll (The specified module could not be found.)) in Unknown on line 0
PHP Warning:  PHP Startup: Unable to load dynamic library 'pdo_sqlite' (tried: ./pdo_sqlite (The specified module could not be found.), ./php_pdo_sqlite.dll (The specified module could not be found.)) in Unknown on line 0
PHP Warning:  PHP Startup: Unable to load dynamic library 'php_openssl.dll' (tried: ./php_openssl.dll (The specified module could not be found.), ./php_php_openssl.dll.dll (The specified module could not be found.)) in Unknown on line 0
PHP Warning:  PHP Startup: Unable to load dynamic library 'php_ftp.dll' (tried: ./php_ftp.dll (The specified module could not be found.), ./php_php_ftp.dll.dll (The specified module could not be found.)) in Unknown on line 0
PHP Warning:  Cannot open 'C:\xampp\php\extras\browscap.ini' for reading in Unknown on line 0
PHP Fatal error:  Unable to start standard module in Unknown on line 0
PHP Warning:  PHP Startup: Unable to load dynamic library 'bz2' (tried: ./bz2 (The specified module could not be found.), ./php_bz2.dll (The specified module could not be found.)) in Unknown on line 0
PHP Warning:  PHP Startup: Unable to load dynamic library 'curl' (tried: ./curl (The specified module could not be found.), ./php_curl.dll (The specified module could not be found.)) in Unknown on line 0
PHP Warning:  PHP Startup: Unable to load dynamic library 'fileinfo' (tried: ./fileinfo (The specified module could not be found.), ./php_fileinfo.dll (The specified module could not be found.)) in Unknown on line 0
PHP Warning:  PHP Startup: Unable to load dynamic library 'gd2' (tried: ./gd2 (The specified module could not be found.), ./php_gd2.dll (The specified module could not be found.)) in Unknown on line 0
PHP Warning:  PHP Startup: Unable to load dynamic library 'gettext' (tried: ./gettext (The specified module could not be found.), ./php_gettext.dll (The specified module could not be found.)) in Unknown on line 0
PHP Warning:  PHP Startup: Unable to load dynamic library 'mbstring' (tried: ./mbstring (The specified module could not be found.), ./php_mbstring.dll (The specified module could not be found.)) in Unknown on line 0
PHP Warning:  PHP Startup: Unable to load dynamic library 'exif' (tried: ./exif (The specified module could not be found.), ./php_exif.dll (The specified module could not be found.)) in Unknown on line 0
PHP Warning:  PHP Startup: Unable to load dynamic library 'mysqli' (tried: ./mysqli (The specified module could not be found.), ./php_mysqli.dll (The specified module could not be found.)) in Unknown on line 0
PHP Warning:  PHP Startup: Unable to load dynamic library 'pdo_mysql' (tried: ./pdo_mysql (The specified module could not be found.), ./php_pdo_mysql.dll (The specified module could not be found.)) in Unknown on line 0
PHP Warning:  PHP Startup: Unable to load dynamic library 'pdo_sqlite' (tried: ./pdo_sqlite (The specified module could not be found.), ./php_pdo_sqlite.dll (The specified module could not be found.)) in Unknown on line 0
PHP Warning:  PHP Startup: Unable to load dynamic library 'php_openssl.dll' (tried: ./php_openssl.dll (The specified module could not be found.), ./php_php_openssl.dll.dll (The specified module could not be found.)) in Unknown on line 0
PHP Warning:  PHP Startup: Unable to load dynamic library 'php_ftp.dll' (tried: ./php_ftp.dll (The specified module could not be found.), ./php_php_ftp.dll.dll (The specified module could not be found.)) in Unknown on line 0
PHP Warning:  Cannot open 'C:\xampp\php\extras\browscap.ini' for reading in Unknown on line 0
PHP Fatal error:  Unable to start standard module in Unknown on line 0
PHP Warning:  PHP Startup: Unable to load dynamic library 'bz2' (tried: ./bz2 (The specified module could not be found.), ./php_bz2.dll (The specified module could not be found.)) in Unknown on line 0
PHP Warning:  PHP Startup: Unable to load dynamic library 'curl' (tried: ./curl (The specified module could not be found.), ./php_curl.dll (The specified module could not be found.)) in Unknown on line 0
PHP Warning:  PHP Startup: Unable to load dynamic library 'fileinfo' (tried: ./fileinfo (The specified module could not be found.), ./php_fileinfo.dll (The specified module could not be found.)) in Unknown on line 0
PHP Warning:  PHP Startup: Unable to load dynamic library 'gd2' (tried: ./gd2 (The specified module could not be found.), ./php_gd2.dll (The specified module could not be found.)) in Unknown on line 0
PHP Warning:  PHP Startup: Unable to load dynamic library 'gettext' (tried: ./gettext (The specified module could not be found.), ./php_gettext.dll (The specified module could not be found.)) in Unknown on line 0
PHP Warning:  PHP Startup: Unable to load dynamic library 'mbstring' (tried: ./mbstring (The specified module could not be found.), ./php_mbstring.dll (The specified module could not be found.)) in Unknown on line 0
PHP Warning:  PHP Startup: Unable to load dynamic library 'exif' (tried: ./exif (The specified module could not be found.), ./php_exif.dll (The specified module could not be found.)) in Unknown on line 0
PHP Warning:  PHP Startup: Unable to load dynamic library 'mysqli' (tried: ./mysqli (The specified module could not be found.), ./php_mysqli.dll (The specified module could not be found.)) in Unknown on line 0
PHP Warning:  PHP Startup: Unable to load dynamic library 'pdo_mysql' (tried: ./pdo_mysql (The specified module could not be found.), ./php_pdo_mysql.dll (The specified module could not be found.)) in Unknown on line 0
PHP Warning:  PHP Startup: Unable to load dynamic library 'pdo_sqlite' (tried: ./pdo_sqlite (The specified module could not be found.), ./php_pdo_sqlite.dll (The specified module could not be found.)) in Unknown on line 0
PHP Warning:  PHP Startup: Unable to load dynamic library 'php_openssl.dll' (tried: ./php_openssl.dll (The specified module could not be found.), ./php_php_openssl.dll.dll (The specified module could not be found.)) in Unknown on line 0
PHP Warning:  PHP Startup: Unable to load dynamic library 'php_ftp.dll' (tried: ./php_ftp.dll (The specified module could not be found.), ./php_php_ftp.dll.dll (The specified module could not be found.)) in Unknown on line 0
PHP Warning:  Cannot open 'C:\xampp\php\extras\browscap.ini' for reading in Unknown on line 0
PHP Fatal error:  Unable to start standard module in Unknown on line 0
PHP Warning:  PHP Startup: Unable to load dynamic library 'bz2' (tried: ./bz2 (The specified module could not be found.), ./php_bz2.dll (The specified module could not be found.)) in Unknown on line 0
PHP Warning:  PHP Startup: Unable to load dynamic library 'curl' (tried: ./curl (The specified module could not be found.), ./php_curl.dll (The specified module could not be found.)) in Unknown on line 0
PHP Warning:  PHP Startup: Unable to load dynamic library 'fileinfo' (tried: ./fileinfo (The specified module could not be found.), ./php_fileinfo.dll (The specified module could not be found.)) in Unknown on line 0
PHP Warning:  PHP Startup: Unable to load dynamic library 'gd2' (tried: ./gd2 (The specified module could not be found.), ./php_gd2.dll (The specified module could not be found.)) in Unknown on line 0
PHP Warning:  PHP Startup: Unable to load dynamic library 'gettext' (tried: ./gettext (The specified module could not be found.), ./php_gettext.dll (The specified module could not be found.)) in Unknown on line 0
PHP Warning:  PHP Startup: Unable to load dynamic library 'mbstring' (tried: ./mbstring (The specified module could not be found.), ./php_mbstring.dll (The specified module could not be found.)) in Unknown on line 0
PHP Warning:  PHP Startup: Unable to load dynamic library 'exif' (tried: ./exif (The specified module could not be found.), ./php_exif.dll (The specified module could not be found.)) in Unknown on line 0
PHP Warning:  PHP Startup: Unable to load dynamic library 'mysqli' (tried: ./mysqli (The specified module could not be found.), ./php_mysqli.dll (The specified module could not be found.)) in Unknown on line 0
PHP Warning:  PHP Startup: Unable to load dynamic library 'pdo_mysql' (tried: ./pdo_mysql (The specified module could not be found.), ./php_pdo_mysql.dll (The specified module could not be found.)) in Unknown on line 0
PHP Warning:  PHP Startup: Unable to load dynamic library 'pdo_sqlite' (tried: ./pdo_sqlite (The specified module could not be found.), ./php_pdo_sqlite.dll (The specified module could not be found.)) in Unknown on line 0
PHP Warning:  PHP Startup: Unable to load dynamic library 'php_openssl.dll' (tried: ./php_openssl.dll (The specified module could not be found.), ./php_php_openssl.dll.dll (The specified module could not be found.)) in Unknown on line 0
PHP Warning:  PHP Startup: Unable to load dynamic library 'php_ftp.dll' (tried: ./php_ftp.dll (The specified module could not be found.), ./php_php_ftp.dll.dll (The specified module could not be found.)) in Unknown on line 0
PHP Warning:  Cannot open 'C:\xampp\php\extras\browscap.ini' for reading in Unknown on line 0
PHP Fatal error:  Unable to start standard module in Unknown on line 0
PHP Warning:  PHP Startup: Unable to load dynamic library 'bz2' (tried: ./bz2 (The specified module could not be found.), ./php_bz2.dll (The specified module could not be found.)) in Unknown on line 0
PHP Warning:  PHP Startup: Unable to load dynamic library 'curl' (tried: ./curl (The specified module could not be found.), ./php_curl.dll (The specified module could not be found.)) in Unknown on line 0
PHP Warning:  PHP Startup: Unable to load dynamic library 'fileinfo' (tried: ./fileinfo (The specified module could not be found.), ./php_fileinfo.dll (The specified module could not be found.)) in Unknown on line 0
PHP Warning:  PHP Startup: Unable to load dynamic library 'gd2' (tried: ./gd2 (The specified module could not be found.), ./php_gd2.dll (The specified module could not be found.)) in Unknown on line 0
PHP Warning:  PHP Startup: Unable to load dynamic library 'gettext' (tried: ./gettext (The specified module could not be found.), ./php_gettext.dll (The specified module could not be found.)) in Unknown on line 0
PHP Warning:  PHP Startup: Unable to load dynamic library 'mbstring' (tried: ./mbstring (The specified module could not be found.), ./php_mbstring.dll (The specified module could not be found.)) in Unknown on line 0
PHP Warning:  PHP Startup: Unable to load dynamic library 'exif' (tried: ./exif (The specified module could not be found.), ./php_exif.dll (The specified module could not be found.)) in Unknown on line 0
PHP Warning:  PHP Startup: Unable to load dynamic library 'mysqli' (tried: ./mysqli (The specified module could not be found.), ./php_mysqli.dll (The specified module could not be found.)) in Unknown on line 0
PHP Warning:  PHP Startup: Unable to load dynamic library 'pdo_mysql' (tried: ./pdo_mysql (The specified module could not be found.), ./php_pdo_mysql.dll (The specified module could not be found.)) in Unknown on line 0
PHP Warning:  PHP Startup: Unable to load dynamic library 'pdo_sqlite' (tried: ./pdo_sqlite (The specified module could not be found.), ./php_pdo_sqlite.dll (The specified module could not be found.)) in Unknown on line 0
PHP Warning:  PHP Startup: Unable to load dynamic library 'php_openssl.dll' (tried: ./php_openssl.dll (The specified module could not be found.), ./php_php_openssl.dll.dll (The specified module could not be found.)) in Unknown on line 0
PHP Warning:  PHP Startup: Unable to load dynamic library 'php_ftp.dll' (tried: ./php_ftp.dll (The specified module could not be found.), ./php_php_ftp.dll.dll (The specified module could not be found.)) in Unknown on line 0
PHP Warning:  Cannot open 'C:\xampp\php\extras\browscap.ini' for reading in Unknown on line 0
PHP Fatal error:  Unable to start standard module in Unknown on line 0
PHP Warning:  PHP Startup: Unable to load dynamic library 'bz2' (tried: ./bz2 (The specified module could not be found.), ./php_bz2.dll (The specified module could not be found.)) in Unknown on line 0
PHP Warning:  PHP Startup: Unable to load dynamic library 'curl' (tried: ./curl (The specified module could not be found.), ./php_curl.dll (The specified module could not be found.)) in Unknown on line 0
PHP Warning:  PHP Startup: Unable to load dynamic library 'fileinfo' (tried: ./fileinfo (The specified module could not be found.), ./php_fileinfo.dll (The specified module could not be found.)) in Unknown on line 0
PHP Warning:  PHP Startup: Unable to load dynamic library 'gd2' (tried: ./gd2 (The specified module could not be found.), ./php_gd2.dll (The specified module could not be found.)) in Unknown on line 0
PHP Warning:  PHP Startup: Unable to load dynamic library 'gettext' (tried: ./gettext (The specified module could not be found.), ./php_gettext.dll (The specified module could not be found.)) in Unknown on line 0
PHP Warning:  PHP Startup: Unable to load dynamic library 'mbstring' (tried: ./mbstring (The specified module could not be found.), ./php_mbstring.dll (The specified module could not be found.)) in Unknown on line 0
PHP Warning:  PHP Startup: Unable to load dynamic library 'exif' (tried: ./exif (The specified module could not be found.), ./php_exif.dll (The specified module could not be found.)) in Unknown on line 0
PHP Warning:  PHP Startup: Unable to load dynamic library 'mysqli' (tried: ./mysqli (The specified module could not be found.), ./php_mysqli.dll (The specified module could not be found.)) in Unknown on line 0
PHP Warning:  PHP Startup: Unable to load dynamic library 'pdo_mysql' (tried: ./pdo_mysql (The specified module could not be found.), ./php_pdo_mysql.dll (The specified module could not be found.)) in Unknown on line 0
PHP Warning:  PHP Startup: Unable to load dynamic library 'pdo_sqlite' (tried: ./pdo_sqlite (The specified module could not be found.), ./php_pdo_sqlite.dll (The specified module could not be found.)) in Unknown on line 0
PHP Warning:  PHP Startup: Unable to load dynamic library 'php_openssl.dll' (tried: ./php_openssl.dll (The specified module could not be found.), ./php_php_openssl.dll.dll (The specified module could not be found.)) in Unknown on line 0
PHP Warning:  PHP Startup: Unable to load dynamic library 'php_ftp.dll' (tried: ./php_ftp.dll (The specified module could not be found.), ./php_php_ftp.dll.dll (The specified module could not be found.)) in Unknown on line 0
PHP Warning:  Cannot open 'C:\xampp\php\extras\browscap.ini' for reading in Unknown on line 0
PHP Fatal error:  Unable to start standard module in Unknown on line 0
PHP Warning:  PHP Startup: Unable to load dynamic library 'bz2' (tried: ./bz2 (The specified module could not be found.), ./php_bz2.dll (The specified module could not be found.)) in Unknown on line 0
PHP Warning:  PHP Startup: Unable to load dynamic library 'curl' (tried: ./curl (The specified module could not be found.), ./php_curl.dll (The specified module could not be found.)) in Unknown on line 0
PHP Warning:  PHP Startup: Unable to load dynamic library 'fileinfo' (tried: ./fileinfo (The specified module could not be found.), ./php_fileinfo.dll (The specified module could not be found.)) in Unknown on line 0
PHP Warning:  PHP Startup: Unable to load dynamic library 'gd2' (tried: ./gd2 (The specified module could not be found.), ./php_gd2.dll (The specified module could not be found.)) in Unknown on line 0
PHP Warning:  PHP Startup: Unable to load dynamic library 'gettext' (tried: ./gettext (The specified module could not be found.), ./php_gettext.dll (The specified module could not be found.)) in Unknown on line 0
PHP Warning:  PHP Startup: Unable to load dynamic library 'mbstring' (tried: ./mbstring (The specified module could not be found.), ./php_mbstring.dll (The specified module could not be found.)) in Unknown on line 0
PHP Warning:  PHP Startup: Unable to load dynamic library 'exif' (tried: ./exif (The specified module could not be found.), ./php_exif.dll (The specified module could not be found.)) in Unknown on line 0
PHP Warning:  PHP Startup: Unable to load dynamic library 'mysqli' (tried: ./mysqli (The specified module could not be found.), ./php_mysqli.dll (The specified module could not be found.)) in Unknown on line 0
PHP Warning:  PHP Startup: Unable to load dynamic library 'pdo_mysql' (tried: ./pdo_mysql (The specified module could not be found.), ./php_pdo_mysql.dll (The specified module could not be found.)) in Unknown on line 0
PHP Warning:  PHP Startup: Unable to load dynamic library 'pdo_sqlite' (tried: ./pdo_sqlite (The specified module could not be found.), ./php_pdo_sqlite.dll (The specified module could not be found.)) in Unknown on line 0
PHP Warning:  PHP Startup: Unable to load dynamic library 'php_openssl.dll' (tried: ./php_openssl.dll (The specified module could not be found.), ./php_php_openssl.dll.dll (The specified module could not be found.)) in Unknown on line 0
PHP Warning:  PHP Startup: Unable to load dynamic library 'php_ftp.dll' (tried: ./php_ftp.dll (The specified module could not be found.), ./php_php_ftp.dll.dll (The specified module could not be found.)) in Unknown on line 0
PHP Warning:  Cannot open 'C:\xampp\php\extras\browscap.ini' for reading in Unknown on line 0
PHP Fatal error:  Unable to start standard module in Unknown on line 0
PHP Warning:  PHP Startup: Unable to load dynamic library 'bz2' (tried: ./bz2 (The specified module could not be found.), ./php_bz2.dll (The specified module could not be found.)) in Unknown on line 0
PHP Warning:  PHP Startup: Unable to load dynamic library 'curl' (tried: ./curl (The specified module could not be found.), ./php_curl.dll (The specified module could not be found.)) in Unknown on line 0
PHP Warning:  PHP Startup: Unable to load dynamic library 'fileinfo' (tried: ./fileinfo (The specified module could not be found.), ./php_fileinfo.dll (The specified module could not be found.)) in Unknown on line 0
PHP Warning:  PHP Startup: Unable to load dynamic library 'gd2' (tried: ./gd2 (The specified module could not be found.), ./php_gd2.dll (The specified module could not be found.)) in Unknown on line 0
PHP Warning:  PHP Startup: Unable to load dynamic library 'gettext' (tried: ./gettext (The specified module could not be found.), ./php_gettext.dll (The specified module could not be found.)) in Unknown on line 0
PHP Warning:  PHP Startup: Unable to load dynamic library 'mbstring' (tried: ./mbstring (The specified module could not be found.), ./php_mbstring.dll (The specified module could not be found.)) in Unknown on line 0
PHP Warning:  PHP Startup: Unable to load dynamic library 'exif' (tried: ./exif (The specified module could not be found.), ./php_exif.dll (The specified module could not be found.)) in Unknown on line 0
PHP Warning:  PHP Startup: Unable to load dynamic library 'mysqli' (tried: ./mysqli (The specified module could not be found.), ./php_mysqli.dll (The specified module could not be found.)) in Unknown on line 0
PHP Warning:  PHP Startup: Unable to load dynamic library 'pdo_mysql' (tried: ./pdo_mysql (The specified module could not be found.), ./php_pdo_mysql.dll (The specified module could not be found.)) in Unknown on line 0
PHP Warning:  PHP Startup: Unable to load dynamic library 'pdo_sqlite' (tried: ./pdo_sqlite (The specified module could not be found.), ./php_pdo_sqlite.dll (The specified module could not be found.)) in Unknown on line 0
PHP Warning:  PHP Startup: Unable to load dynamic library 'php_openssl.dll' (tried: ./php_openssl.dll (The specified module could not be found.), ./php_php_openssl.dll.dll (The specified module could not be found.)) in Unknown on line 0
PHP Warning:  PHP Startup: Unable to load dynamic library 'php_ftp.dll' (tried: ./php_ftp.dll (The specified module could not be found.), ./php_php_ftp.dll.dll (The specified module could not be found.)) in Unknown on line 0
PHP Warning:  Cannot open 'C:\xampp\php\extras\browscap.ini' for reading in Unknown on line 0
PHP Fatal error:  Unable to start standard module in Unknown on line 0
PHP Warning:  Cannot open 'C:\xampp\php\extras\browscap.ini' for reading in Unknown on line 0
PHP Fatal error:  Unable to start standard module in Unknown on line 0
PHP Warning:  Cannot open '\php\extras\browscap.ini' for reading in Unknown on line 0
PHP Fatal error:  Unable to start standard module in Unknown on line 0
PHP Warning:  Cannot open '\php\extras\browscap.ini' for reading in Unknown on line 0
PHP Fatal error:  Unable to start standard module in Unknown on line 0
PHP Warning:  Cannot open '\php\extras\browscap.ini' for reading in Unknown on line 0
PHP Fatal error:  Unable to start standard module in Unknown on line 0
PHP Warning:  Cannot open '\php\extras\browscap.ini' for reading in Unknown on line 0
PHP Fatal error:  Unable to start standard module in Unknown on line 0
PHP Warning:  Cannot open '\php\extras\browscap.ini' for reading in Unknown on line 0
PHP Fatal error:  Unable to start standard module in Unknown on line 0
PHP Warning:  Cannot open '\php\extras\browscap.ini' for reading in Unknown on line 0
PHP Fatal error:  Unable to start standard module in Unknown on line 0
PHP Warning:  Cannot open '\php\extras\browscap.ini' for reading in Unknown on line 0
PHP Fatal error:  Unable to start standard module in Unknown on line 0
PHP Warning:  Cannot open '\php\extras\browscap.ini' for reading in Unknown on line 0
PHP Fatal error:  Unable to start standard module in Unknown on line 0
